Archive member included to satisfy reference by file (symbol)

c:/program files/arm-2014.05-28-arm-none-eabi-i686-mingw32/arm-2014.05/bin/../lib/gcc/arm-none-eabi/4.8.3/../../../../arm-none-eabi/lib/thumb2\libc.a(lib_a-memcmp.o)
                              Files.o (memcmp)
c:/program files/arm-2014.05-28-arm-none-eabi-i686-mingw32/arm-2014.05/bin/../lib/gcc/arm-none-eabi/4.8.3/../../../../arm-none-eabi/lib/thumb2\libc.a(lib_a-memcpy-stub.o)
                              Files.o (memcpy)
c:/program files/arm-2014.05-28-arm-none-eabi-i686-mingw32/arm-2014.05/bin/../lib/gcc/arm-none-eabi/4.8.3/../../../../arm-none-eabi/lib/thumb2\libc.a(lib_a-memset.o)
                              Draw.o (memset)
c:/program files/arm-2014.05-28-arm-none-eabi-i686-mingw32/arm-2014.05/bin/../lib/gcc/arm-none-eabi/4.8.3/../../../../arm-none-eabi/lib/thumb2\libc.a(lib_a-strcpy.o)
                              Menu.o (strcpy)

Memory Configuration

Name             Origin             Length             Attributes
rom              0x0800c000         0x00010000         xr
spare            0x0802c000         0x00014000         xr
extra            0x08047000         0x00010400         xr
ram              0x20003000         0x00010000         xrw
*default*        0x00000000         0xffffffff

Linker script and memory map

LOAD Calibrat.o
LOAD Draw.o
LOAD Files.o
LOAD Function.o
LOAD Interrupt.o
LOAD Main.o
LOAD Menu.o
LOAD Process.o
LOAD BIOS.o
LOAD startup.o
LOAD stm32f10x_nvic.o
LOAD cortexm3_macro.o
LOAD c:/program files/arm-2014.05-28-arm-none-eabi-i686-mingw32/arm-2014.05/bin/../lib/gcc/arm-none-eabi/4.8.3/../../../../arm-none-eabi/lib/thumb2\libc.a
START GROUP
LOAD c:/program files/arm-2014.05-28-arm-none-eabi-i686-mingw32/arm-2014.05/bin/../lib/gcc/arm-none-eabi/4.8.3/thumb2\libgcc.a
LOAD c:/program files/arm-2014.05-28-arm-none-eabi-i686-mingw32/arm-2014.05/bin/../lib/gcc/arm-none-eabi/4.8.3/../../../../arm-none-eabi/lib/thumb2\libc.a
END GROUP
                0x2000f000                _estack = ((ORIGIN (ram) + 0x10000) - 0x4000)
                0x00000000                . = 0x0

.bios           0x08004200       0xb2
 BIOS.o()
 .text          0x08004200       0x9e BIOS.o
                0x08004200                __CTR_HP
                0x08004204                __USB_Istr
                0x08004208                __LCD_Initial
                0x0800420c                __Point_SCR
                0x08004210                __LCD_SetPixl
                0x08004214                __Clear_Screen
                0x08004218                __Get_TAB_8x14
                0x0800421c                __LCD_Set_Block
                0x08004220                __LCD_DMA_Ready
                0x08004224                __LCD_Copy
                0x08004228                __LCD_Fill
                0x0800422c                __Row_DMA_Ready
                0x08004230                __Row_Copy
                0x08004234                __Read_FIFO
                0x08004238                __Input_Lic
                0x0800423c                __GetDev_SN
                0x08004240                __Chk_SYS
                0x08004244                __Ident
                0x08004248                __Display_Str
                0x0800424c                __Set
                0x08004250                __Set_Param
                0x08004254                __Get
                0x08004258                __ExtFlash_PageWR
                0x0800425c                __ExtFlash_PageRD
                0x08004260                __ReadDiskData
                0x08004264                __ProgDiskPage
                0x08004268                __LCD_GetPixl
                0x0800426c                __USB_Init
                0x08004270                __FLASH_Erase
                0x08004274                __FLASH_Prog
                0x08004278                __FLASH_Unlock
                0x0800427c                __FLASH_Lock
                0x08004280                __Chk_DFU
                0x08004284                __Chk_HDW
                0x08004288                __OpenFileWr
                0x0800428c                __OpenFileRd
                0x08004290                __ReadFileSec
                0x08004294                __ProgFileSec
                0x08004298                __CloseFile
                0x0800429c                __Row_Fill
 .data          0x0800429e        0x0 BIOS.o
 .bss           0x0800429e        0x0 BIOS.o
 .ARM.attributes
                0x0800429e       0x14 BIOS.o

.isr_vector     0x0800c000     0xa574
                0x0800c000                _vectors = .
 *(.isr_vectors)
 .isr_vectors   0x0800c000      0x130 startup.o
                0x0800c000                g_pfnVectors
                0x0800c130                . = ALIGN (0x4)
 *(.text.startup)
 .text.startup  0x0800c130     0x5390 Main.o
                0x0800c130                main
 stm32f10x_nvic.o(.text)
 .text          0x080114c0      0x320 stm32f10x_nvic.o
                0x080114c0                NVIC_DeInit
                0x080114f4                NVIC_SCBDeInit
                0x08011524                NVIC_PriorityGroupConfig
                0x08011538                NVIC_Init
                0x080115b8                NVIC_StructInit
                0x080115c4                NVIC_SETPRIMASK
                0x080115c8                NVIC_RESETPRIMASK
                0x080115cc                NVIC_SETFAULTMASK
                0x080115d0                NVIC_RESETFAULTMASK
                0x080115d4                NVIC_BASEPRICONFIG
                0x080115da                NVIC_GetBASEPRI
                0x080115de                NVIC_GetCurrentPendingIRQChannel
                0x080115ec                NVIC_GetIRQChannelPendingBitStatus
                0x08011610                NVIC_SetIRQChannelPendingBit
                0x0801161c                NVIC_ClearIRQChannelPendingBit
                0x08011638                NVIC_GetCurrentActiveHandler
                0x08011648                NVIC_GetIRQChannelActiveBitStatus
                0x0801166c                NVIC_GetCPUID
                0x08011678                NVIC_SetVectorTable
                0x0801168c                NVIC_GenerateSystemReset
                0x0801169c                NVIC_GenerateCoreReset
                0x080116ac                NVIC_SystemLPConfig
                0x080116c4                NVIC_SystemHandlerConfig
                0x080116e4                NVIC_SystemHandlerPriorityConfig
                0x08011730                NVIC_GetSystemHandlerPendingBitStatus
                0x0801174c                NVIC_SetSystemHandlerPendingBit
                0x08011764                NVIC_ClearSystemHandlerPendingBit
                0x08011780                NVIC_GetSystemHandlerActiveBitStatus
                0x0801179c                NVIC_GetFaultHandlerSources
                0x080117cc                NVIC_GetFaultAddress
 cortexm3_macro.o(.text)
 .text          0x080117e0       0x7a cortexm3_macro.o
                0x080117e0                __WFI
                0x080117e4                __WFE
                0x080117e8                __SEV
                0x080117ec                __ISB
                0x080117f2                __DSB
                0x080117f8                __DMB
                0x080117fe                __SVC
                0x08011802                __MRS_CONTROL
                0x08011808                __MSR_CONTROL
                0x08011812                __MRS_PSP
                0x08011818                __MSR_PSP
                0x0801181e                __MRS_MSP
                0x08011824                __MSR_MSP
                0x0801182a                __RESETPRIMASK
                0x0801182e                __SETPRIMASK
                0x08011832                __READ_PRIMASK
                0x08011838                __RESETFAULTMASK
                0x0801183c                __SETFAULTMASK
                0x08011840                __READ_FAULTMASK
                0x08011846                __BASEPRICONFIG
                0x0801184c                __GetBASEPRI
                0x08011852                __REV_HalfWord
                0x08011856                __REV_Word
 Function.o(.text)
 *fill*         0x0801185a        0x2 
 .text          0x0801185c      0xb18 Function.o
                0x0801185c                LoadNwave
                0x080118a8                Power
                0x080118c0                Delayms
                0x080118d4                Int2Str
                0x08011b80                u8ToDec3
                0x08011bc0                u32ToDec7
                0x08011bec                s8ToPercen
                0x08011c34                u8ToDec2
                0x08011c5c                Char2Hex
                0x08011c82                Word2Hex
                0x08011cb6                Int_sqrt
                0x08011cfc                Read_Keys
                0x08011f48                s16ToDec3
                0x08011f86                AsciiToU16
                0x08011fb6                s8ToDec2
                0x08011ffc                S32ToFloat3
                0x080120c0                fix_fft
                0x08012298                ProcessFileName
 Calibrat.o(.text)
 .text          0x08012374     0x12c4 Calibrat.o
                0x08012374                ClearTop
                0x0801239c                Calibrat
 Interrupt.o(.text)
 .text          0x08013638      0x8bc Interrupt.o
                0x08013638                NMIException
                0x0801363a                HardFaultException
                0x0801363c                MemManageException
                0x0801363e                BusFaultException
                0x08013640                UsageFaultException
                0x08013642                DebugMonitor
                0x08013644                SVCHandler
                0x08013646                PendSVC
                0x08013648                SysTickHandler
                0x0801364a                WWDG_IRQHandler
                0x0801364c                PVD_IRQHandler
                0x0801364e                TAMPER_IRQHandler
                0x08013650                RTC_IRQHandler
                0x08013652                FLASH_IRQHandler
                0x08013654                RCC_IRQHandler
                0x08013656                EXTI0_IRQHandler
                0x08013658                EXTI1_IRQHandler
                0x0801365a                EXTI2_IRQHandler
                0x0801365c                EXTI3_IRQHandler
                0x0801365e                EXTI4_IRQHandler
                0x08013660                DMA1_Channel1_IRQHandler
                0x08013662                DMA1_Channel2_IRQHandler
                0x08013664                DMA1_Channel3_IRQHandler
                0x08013666                DMA1_Channel4_IRQHandler
                0x08013668                DMA1_Channel5_IRQHandler
                0x0801366a                DMA1_Channel6_IRQHandler
                0x0801366c                DMA1_Channel7_IRQHandler
                0x0801366e                ADC1_2_IRQHandler
                0x08013670                USB_HP_CAN_TX_IRQHandler
                0x08013674                USB_LP_CAN_RX0_IRQHandler
                0x08013678                CAN_RX1_IRQHandler
                0x0801367a                CAN_SCE_IRQHandler
                0x0801367c                EXTI9_5_IRQHandler
                0x0801367e                TIM1_BRK_IRQHandler
                0x08013680                TIM1_UP_IRQHandler
                0x08013682                TIM1_TRG_COM_IRQHandler
                0x08013684                TIM1_CC_IRQHandler
                0x08013686                TIM2_IRQHandler
                0x08013b04                TIM3_IRQHandler
                0x08013cfc                TIM4_IRQHandler
                0x08013eb8                I2C1_EV_IRQHandler
                0x08013eba                I2C1_ER_IRQHandler
                0x08013ebc                I2C2_EV_IRQHandler
                0x08013ebe                I2C2_ER_IRQHandler
                0x08013ec0                SPI1_IRQHandler
                0x08013ec2                SPI2_IRQHandler
                0x08013ec4                USART1_IRQHandler
                0x08013ec6                USART2_IRQHandler
                0x08013ec8                USART3_IRQHandler
                0x08013eca                EXTI15_10_IRQHandler
                0x08013ecc                RTCAlarm_IRQHandler
                0x08013ece                USBWakeUp_IRQHandler
                0x08013ed0                TIM8_BRK_IRQHandler
                0x08013ed2                TIM8_UP_IRQHandler
                0x08013ed4                TIM8_TRG_COM_IRQHandler
                0x08013ed6                TIM8_CC_IRQHandler
                0x08013ed8                ADC3_IRQHandler
                0x08013eda                FSMC_IRQHandler
                0x08013edc                SDIO_IRQHandler
                0x08013ede                TIM5_IRQHandler
                0x08013ee0                SPI3_IRQHandler
                0x08013ee2                UART4_IRQHandler
                0x08013ee4                UART5_IRQHandler
                0x08013ee6                TIM6_IRQHandler
                0x08013ee8                TIM7_IRQHandler
                0x08013eea                DMA2_Channel1_IRQHandler
                0x08013eec                DMA2_Channel2_IRQHandler
                0x08013eee                DMA2_Channel3_IRQHandler
                0x08013ef0                DMA2_Channel4_5_IRQHandler
 *(.rodata*)
 .rodata        0x08013ef4      0x187 Calibrat.o
                0x08013ef4                ClockEntry
                0x08013fb7                CenterStep
                0x08013fd7                CenterStr
                0x08014013                VS_STR
                0x08014073                V_UNIT1
 .rodata.str1.1
                0x0801407b      0x339 Calibrat.o
                                0x357 (size before relaxing)
 .rodata        0x080143b4      0x6d0 Draw.o
                0x080143b4                Char_TAB_8x11
                0x080149b4                Mark_TAB
                0x080149e0                DetFrqAdj
                0x080149f2                DbScale
                0x08014a10                RULE_BASE
                0x08014a20                CursorTypeStr
                0x08014a34                FrameCountRef
                0x08014a60                Mark_TAB_T
                0x08014a67                Mark_TAB_4
                0x08014a6e                Mark_TAB_3
                0x08014a75                Mark_TAB_2
                0x08014a7c                Mark_TAB_1
 .rodata.str1.1
                0x08014a84       0x20 Draw.o
                                 0x26 (size before relaxing)
 .rodata        0x08014aa4      0x308 Files.o
                0x08014aa4                DiskDevInfo_8M
                0x08014ab1                Clk
                0x08014ac6                BMP_Color
                0x08014ae6                ErrorCode
                0x08014b04                BmpHead64
                0x08014b46                BmpHead16
                0x08014b84                SubSamplingPeriod
                0x08014bec                SamplingPeriod
                0x08014c9c                OSsampling
                0x08014cd4                DigSampling
                0x08014d04                Offset
                0x08014d09                AmplitudeX10Steps
                0x08014d39                AmplitudeSteps
                0x08014d69                Sampling
                0x08014da1                SPeriod
                0x08014da8                FatStart
 .rodata.str1.1
                0x08014dac       0x76 Files.o
 .rodata        0x08014e22      0x102 Function.o
                0x08014e22                SineQuad
 .rodata        0x08014f24       0x7e Main.o
                0x08014f3c                TrigReset
                0x08014f68                NoneStr
                0x08014f76                NoteTimer
                0x08014f7c                DisableSTR
 .rodata.str1.1
                0x08014fa2      0x57b Main.o
                                0x583 (size before relaxing)
 *fill*         0x0801551d        0x1 
 .rodata        0x0801551e      0x726 Menu.o
                0x0801551e                Y_INV
                0x0801552e                METER
                0x0801556a                Y_COLOR
                0x08015574                FFT_GAIN_STR
                0x080155b0                TIM2Speed
                0x080155ba                T_UNIT
                0x080155c6                OSrate
                0x0801563e                GEN_UART_MODE_STR
                0x08015656                X100TbaseScale
                0x08015664                TrunkFactor
                0x0801566c                F_UNIT
                0x08015678                V_UNIT
                0x08015684                S_UNIT
                0x08015690                F_UNITSUB
                0x0801569c                P_UNIT
                0x080156a8                MM_UNIT
                0x080156b7                DD_UNIT
                0x080156c6                H_UNIT
                0x080156d5                M_UNIT
                0x080156e4                D_UNIT
                0x080156f3                VV_UNIT
                0x080156ff                XY_CH_A_STR
                0x08015731                XY_CH_B_STR
                0x08015763                SubStr
                0x080157e5                Vol_Str
                0x080157ea                BL_Str
                0x080157ef                DELTA_T
                0x080157f7                DELTA_V
                0x0801580c                F_INV
                0x0801580e                F_EXT
                0x0801585e                F_FUNC
                0x08015874                T_COLOR
                0x08015876                T_INV
                0x08015878                V_COLOR
                0x0801587a                V_INV
                0x0801587c                VERNIE4
                0x08015881                VERNIE3
                0x08015886                VERNIE2
                0x0801588b                VERNIE1
                0x08015890                DELAY_STR
                0x08015892                VT_STR
                0x08015896                TR_TYPE
                0x080158f0                TRIGSTR
                0x08015922                FO_STR
                0x08015a08                FO_TYPE
                0x08015a62                XCOLOR
                0x08015a66                XPOSISTR
                0x08015a6b                MODESTR
                0x08015ab1                YPOSISTR
                0x08015ab6                YCOUPLE_B
                0x08015ae8                YCOUPLE
                0x08015b2e                NO_DEF
                0x08015b2f                NO_RANGE
                0x08015b30                CH_D_STR
                0x08015bd0                CH_C_STR
                0x08015be4                B_COLOR
                0x08015bee                BATT_STR
                0x08015c20                S_Inv
                0x08015c26                STATESTR
 .rodata.str1.1
                0x08015c44      0x265 Menu.o
                                0x272 (size before relaxing)
 *fill*         0x08015ea9        0x3 
 .rodata        0x08015eac      0x6c8 Process.o
                0x08015eac                A_Freq
                0x08015ef4                TbaseSub
                0x08015f5c                Log10Mant
                0x08015fc0                SIN_QUAD
                0x0801612a                ScaleIndex
                0x0801613c                DIGI_DATA
                0x08016140                Sine100K
                0x08016164                Triangle100K
                0x08016188                Sine200K
                0x0801619a                Triangle200K
                0x080161ac                TimeBase
                0x080161d8                FPGA_TbaseOS
                0x08016278                TbaseOS
                0x080162bc                Wait
                0x080162e8                A_Tab
                0x0801630a                Window
                0x0801650a                shortwait
                0x08016536                TrigDelayLoop
                0x0801654a                AltDelay

.spare          0x0802c000     0xa040
                0x0802c000                . = ALIGN (0x4)
 startup.o(.text)
 .text          0x0802c000       0x64 startup.o
                0x0802c000                DebugMon_Handler
                0x0802c000                SysTick_Handler
                0x0802c000                PendSV_Handler
                0x0802c000                UsageFault_Handler
                0x0802c000                BusFault_Handler
                0x0802c000                CAN1_SCE_IRQHandler
                0x0802c000                CAN1_RX1_IRQHandler
                0x0802c000                Default_Handler
                0x0802c000                MMI_Handler
                0x0802c000                MemManage_Handler
                0x0802c000                SVC_Handler
                0x0802c000                USB_LP_CAN1_RX0_IRQHandler
                0x0802c000                USB_HP_CAN1_TX_IRQHandler
                0x0802c002                __Init_Data
                0x0802c04c                Reset_Handler
                0x0802c060                _init
 Draw.o(.text)
 .text          0x0802c064     0x4d6c Draw.o
                0x0802c090                Get_TAB_8x11
                0x0802c0a4                Print_Str
                0x0802c180                PrintText
                0x0802c1e4                PrintConfigName
                0x0802c244                Print_Str2
                0x0802c390                Draw_Mark
                0x0802c4ec                InitiateCharArrays
                0x0802c524                LoadChars
                0x0802c914                Uart
                0x0802cbd0                IndexPosition
                0x0802cc00                BitReadPosition
                0x0802cd24                Spi
                0x0802d098                i2c
                0x0802d29c                LoadBuffer
                0x0802d4ec                Print_Str_Row
                0x0802d57c                DisplayDetFrqn
                0x0802d960                SpiChart
                0x0802db5c                PrintDir
                0x0802dd30                PrintUart
                0x0802e6cc                DisplayDbScale
                0x0802e8e8                DisplayFFtValues
                0x0802eb0c                VernierMark
                0x0802eb2c                LoadBaseBuffers
                0x0802eb90                TraceShadow
                0x0802ebbc                LoadFFTbuffer
                0x0802ee30                Base1
                0x0802ee50                ClearFFTbuffer
                0x0802ee68                ScaleXposi
                0x0802eeb8                ClearScreenArea
                0x0802eeec                Clear_Meter_Area
                0x0802ef0c                NFreqParse
                0x0802ef58                ColorIndexGen
                0x0802efd2                DrawPixel
                0x0802efe4                Update_View_Area
                0x0802f248                LoadXYBuffer
                0x0802f448                DrawBase
                0x0802f464                UartLogic
                0x0802f498                i2cLogic
                0x0802f4d4                SpiLogic
                0x0802f510                Update_Mark
                0x0802f738                UpdateMarkLogic
                0x0802f768                DisplayDeltaValues
                0x0802f8ac                DisplayCursorValues
                0x0802f9b4                Draw_Row
                0x0803028c                Draw_Window
 Main.o(.text)
 .text          0x08030dd0     0x1230 Main.o
                0x08030dd0                DisableMeter
                0x08030e40                EnableTitleMeters
                0x08030ec0                UpdateBigMeters
                0x08030f48                GetHoldoffIndPos
                0x08030f70                EnableChannel
                0x08030fb4                UpdateTriggerMem
                0x08030fd8                SelUpdate
                0x08031004                TriggFlagUpdate
                0x0803101c                MessageHandler
                0x08031030                CurDetailUpdate
                0x0803105c                ChannelStatus
                0x0803108c                MeterUpdate
                0x080310b0                MeterDefaults
                0x080311a8                UpdateMeterPage
                0x080312b0                EnableMeter
                0x08031364                TrigMemory
                0x080313ac                BackLight
                0x080313d8                PWMdutyControl
                0x08031414                PWMscaleReset
                0x08031570                SetIRQ2Priority
                0x080315ec                BurstAdjust
                0x08031644                InitChart
                0x08031704                Config_init
                0x080319d4                ConfigFile
                0x08031a74                ProcessEditName
                0x08031ac8                ResetEditList
                0x08031b58                CursorSpeedLogic
                0x08031ba8                UpdateFrameMode
                0x08031d0c                LeftToggleSpecialFunctions
 Menu.o(.text)
 .text          0x08032000     0x4040 Menu.o
                0x08032060                Display_Meter
                0x0803216c                Load_Attr
                0x080321fc                Update_Battery
                0x080322e4                DisplayBigMeter
                0x08032580                TimeScaleCorrection
                0x080325cc                UpScale
                0x08032628                ClockAdjust
                0x08032674                Period
                0x080326bc                MeterChannelLogic
                0x0803273c                FFTlevel
                0x0803288c                GenTrigColor
                0x08032904                UpdatePWMDuty
                0x0803297c                OutputAdjust
                0x08032b28                TIM_2IRQControl
                0x08032be0                SyncSweep
                0x08032c84                DetStatusLogic
                0x08032cc8                ChDetLogic
                0x08032d04                AlignTbaseSweep
                0x08032dec                ChartLogic
                0x08032e14                CalculateTimeMeters
                0x08032ef8                DisplaySamples
                0x08033e60                ListLogic
                0x08033e78                EditListActive
                0x08033ea4                UpdateEditBox
                0x08033f20                KpCompensation
                0x08033f80                Display_Value
                0x0803482c                ProcessCursorDisplayStr
                0x0803484e                CalculateTvernier
                0x08034e80                CalculateVvernier
                0x08034fbc                Display_Title
                0x08035808                AutoSet

.extra          0x08047000     0x8a20
                0x08047000                . = ALIGN (0x4)
 *(.text*)
 .text          0x08047000     0x2c54 Files.o
                0x08047000                InitFileSystem
                0x080470a4                Print_Clk
                0x080470dc                Make_Filename
                0x08047106                Color_Num
                0x080471e6                Load_Dat
                0x080472bc                Load_Bmp
                0x08047490                WriteFileSec
                0x080474b8                Save_Img
                0x080475bc                Save_Dat
                0x080476fc                Load_Arbt
                0x08047888                DeleteFile
                0x08047998                FileMessage
                0x08047a2c                ReadDir
                0x08047b28                Load_Uart
                0x08047c68                save_parameter
                0x08047d80                reset_parameter
                0x08047eb8                CSVdataModeLogic
                0x08047f0c                CSVdata
                0x08047fb0                OverWriteWarn
                0x08048044                Save_Bmp
                0x08048278                Save_Buf
                0x08048518                Save_Csv
                0x08048d5c                ProcessConfigName
                0x08048dc4                Load_Param
                0x08049390                Save_Param
                0x08049950                UpdateFileMenu
                0x08049990                Load_Buf
 .text          0x08049c54     0x5b64 Process.o
                0x08049c54                BackGround_Reset
                0x08049cfc                App_init
                0x08049d3c                ResetDMA2_Ch4Params
                0x08049da0                CalculateArbtTimer
                0x08049e38                UpdateTLevels
                0x08049ea8                Send_Data
                0x0804a018                get_bag_max_buf
                0x0804a0d8                Beeper
                0x0804a108                cleardatabuf
                0x0804a1cc                TransferFIFO
                0x0804a524                SetOffset
                0x0804a574                InterpolateS8
                0x0804a5b8                InterpolateU16
                0x0804a5fc                BatLevelCompensation
                0x0804a724                QParam
                0x0804a82c                QError
                0x0804a894                VRunAvg
                0x0804a8e4                RunAvg
                0x0804a940                Average
                0x0804ab48                ClearHold
                0x0804ab8c                ClearMinMax
                0x0804abdc                ClearTrackBuff
                0x0804ac3c                Log10Process
                0x0804aca0                WaveValue
                0x0804acfc                WaveGen
                0x0804af28                InitiateCalData
                0x0804afac                InitiateOSBuffers
                0x0804b028                RandomGen
                0x0804b048                TriggerModeLogic
                0x0804b094                OSBufferLogic
                0x0804b134                GetXposRef
                0x0804b1b4                GetXpos
                0x0804b210                SetTthreshold
                0x0804b278                Update_Trig
                0x0804b70c                Update_Base
                0x0804b944                Update_Output
                0x0804be84                Update_Range
                0x0804bf48                AlternateChannel
                0x0804bfb8                CursorDisplaySelectLogic
                0x0804c084                UpdateCursorMeter
                0x0804c0c0                DownConvertRestore
                0x0804c130                FFTdownConvert
                0x0804c74c                ResetSum
                0x0804c840                Process
                0x0804eec4                ClearMeters
                0x0804eef8                Synchro
 .text          0x0804f7b8       0x64 c:/program files/arm-2014.05-28-arm-none-eabi-i686-mingw32/arm-2014.05/bin/../lib/gcc/arm-none-eabi/4.8.3/../../../../arm-none-eabi/lib/thumb2\libc.a(lib_a-memcmp.o)
                0x0804f7b8                memcmp
 .text          0x0804f81c       0xa8 c:/program files/arm-2014.05-28-arm-none-eabi-i686-mingw32/arm-2014.05/bin/../lib/gcc/arm-none-eabi/4.8.3/../../../../arm-none-eabi/lib/thumb2\libc.a(lib_a-memcpy-stub.o)
                0x0804f81c                memcpy
 .text          0x0804f8c4       0xa0 c:/program files/arm-2014.05-28-arm-none-eabi-i686-mingw32/arm-2014.05/bin/../lib/gcc/arm-none-eabi/4.8.3/../../../../arm-none-eabi/lib/thumb2\libc.a(lib_a-memset.o)
                0x0804f8c4                memset
 .text          0x0804f964       0xbc c:/program files/arm-2014.05-28-arm-none-eabi-i686-mingw32/arm-2014.05/bin/../lib/gcc/arm-none-eabi/4.8.3/../../../../arm-none-eabi/lib/thumb2\libc.a(lib_a-strcpy.o)
                0x0804f964                strcpy

.text           0x08016574        0x0
                0x08016574                . = ALIGN (0x4)
                0x08016574                _etext = .
                0x08016574                _sidata = _etext

.glue_7         0x08016574        0x0
 .glue_7        0x00000000        0x0 linker stubs

.glue_7t        0x08016574        0x0
 .glue_7t       0x00000000        0x0 linker stubs

.vfp11_veneer   0x08016574        0x0
 .vfp11_veneer  0x00000000        0x0 linker stubs

.v4_bx          0x08016574        0x0
 .v4_bx         0x00000000        0x0 linker stubs

.iplt           0x08016574        0x0
 .iplt          0x00000000        0x0 Calibrat.o

.rel.dyn        0x08016574        0x0
 .rel.iplt      0x00000000        0x0 Calibrat.o

.data           0x20003000      0x6f0 load address 0x08016574
                0x20003000                _sdata = .
 *(.data*)
 .data          0x20003000        0x0 Calibrat.o
 .data          0x20003000       0x4e Draw.o
                0x20003000                Color
                0x20003020                V_Trigg
                0x20003030                SpiNumBits
                0x20003032                TcurDelta
                0x20003034                FrameSize
                0x20003038                Mask
                0x2000303a                ClockPeriod
                0x2000303c                Limit
                0x2000303e                ChartIndex
                0x20003040                COLOR_INDEX
                0x20003046                XYLimit
                0x20003048                InitXY
                0x2000304a                SpecRow
                0x2000304c                DataSize
 *fill*         0x2000304e        0x2 
 .data          0x20003050       0x18 Files.o
                0x20003050                RootStart
                0x20003054                RootStop
                0x20003058                LastAccessedConfig
                0x20003061                Ext
 .data          0x20003068        0x0 Function.o
 .data          0x20003068       0x28 Interrupt.o
                0x20003068                FineAdjust
                0x2000306a                FineAdjustFactor
                0x2000308c                FineAdjustLimit
                0x2000308d                Tim2Factor
                0x2000308e                Volume
 .data          0x20003090       0x8c Main.o
                0x20003090                UpdateMeter
                0x20003091                C_Dmeter
                0x20003099                Timeout
                0x2000309c                Show
                0x200030dc                ChOnStatus
                0x200030e0                DisplayChart
 .data          0x2000311c      0x53c Menu.o
                0x2000311c                Meter
                0x20003188                Title
                0x20003598                SweepIndex
                0x20003599                EnablePWM
                0x2000359a                SweepMod
                0x2000359b                SweepStep
                0x200035a0                GenBaudRate
                0x200035a4                GenUartMode
                0x200035a5                EditChar
                0x200035b5                MinTresh
                0x200035b6                CH_A_STR
                0x200035e8                CH_B_STR
                0x2000361a                O_COLOR
                0x2000361e                x10
                0x20003654                Update
                0x20003655                CharValue
                0x20003656                GenBaudIndex
 .data          0x20003658       0x98 Process.o
                0x20003658                Ch1TLevel
                0x2000365a                Ch2TLevel
                0x2000365c                BufferSize
                0x2000365e                ADCoffset
                0x20003660                bag_max_buf
                0x2000366c                ScalingOffset
                0x20003674                TempKp1
                0x20003676                TrigSourceEnable
                0x20003678                InvTrig
                0x20003680                PrevSource
                0x20003681                PrevKind
                0x20003682                StartOffset
                0x20003683                M_Factor
                0x20003684                D_Tab
                0x200036e0                PrevSweepIndex
                0x200036e4                USART1_DR
                0x200036e8                EnablePaS
                0x200036e9                ScrollFlag
                0x200036ea                Normal
                0x200036eb                FastMode
                0x200036ec                JComp
                0x200036ed                Filter
                0x200036ee                FreeRunEnable
 .data          0x200036f0        0x0 startup.o
 .data          0x200036f0        0x0 stm32f10x_nvic.o
 .data          0x200036f0        0x0 cortexm3_macro.o
 .data          0x200036f0        0x0 c:/program files/arm-2014.05-28-arm-none-eabi-i686-mingw32/arm-2014.05/bin/../lib/gcc/arm-none-eabi/4.8.3/../../../../arm-none-eabi/lib/thumb2\libc.a(lib_a-memcmp.o)
 .data          0x200036f0        0x0 c:/program files/arm-2014.05-28-arm-none-eabi-i686-mingw32/arm-2014.05/bin/../lib/gcc/arm-none-eabi/4.8.3/../../../../arm-none-eabi/lib/thumb2\libc.a(lib_a-memcpy-stub.o)
 .data          0x200036f0        0x0 c:/program files/arm-2014.05-28-arm-none-eabi-i686-mingw32/arm-2014.05/bin/../lib/gcc/arm-none-eabi/4.8.3/../../../../arm-none-eabi/lib/thumb2\libc.a(lib_a-memset.o)
 .data          0x200036f0        0x0 c:/program files/arm-2014.05-28-arm-none-eabi-i686-mingw32/arm-2014.05/bin/../lib/gcc/arm-none-eabi/4.8.3/../../../../arm-none-eabi/lib/thumb2\libc.a(lib_a-strcpy.o)
                0x200036f0                . = ALIGN (0x4)
                0x200036f0                _edata = .

.igot.plt       0x200036f0        0x0 load address 0x08016c64
 .igot.plt      0x00000000        0x0 Calibrat.o

.bss            0x200036f0     0x9720 load address 0x08016574
                0x200036f0                _sbss = .
 *(.bss)
 .bss           0x200036f0        0x4 Calibrat.o
                0x200036f0                PPM_Comp
                0x200036f2                CalibrateMode
 .bss           0x200036f4      0xf08 Draw.o
                0x200036f4                SkipFirstRow
                0x200036f5                AscChar
                0x2000375b                AscCharB
                0x200037c1                HexChar
                0x200038e7                HexCharB
                0x20003a0d                ArrayIndex
                0x20003a0e                HexLookup
                0x20003a12                ByteArray
                0x20003d12                BitDuration
                0x20003d14                Parity
                0x20003d15                ValidFrame
                0x20003d16                SpiMode
                0x20003d1c                WordEndFlag
                0x20003d1d                SpiBitOrder
                0x20003d1e                DigChLockout
                0x20003d1f                ListBottom
                0x20003d20                skip
                0x20003d22                LCD_Buffer
                0x200040e2                Raw
                0x200040e4                DetFrqn
                0x2000410a                MAX_X
                0x2000410d                SpiChartFlag
                0x2000410e                RowMemPeak
                0x20004110                Nsuffix
                0x20004113                Nfreq
                0x2000411c                Base2Buffer
                0x200042ae                Base3Buffer
                0x20004440                Base4Buffer
                0x200045d2                ClearPerst
                0x200045d3                UpdateBackground
                0x200045d4                RowMem
                0x200045d6                OSBuffer
                0x200045d7                XYper
                0x200045d8                FactorX
                0x200045da                FactorY13
                0x200045dc                FactorY
                0x200045de                OffsetX
                0x200045df                OffsetY
                0x200045e0                Tmp2
                0x200045e4                CursorDisplaySelect
                0x200045e5                Hbold
                0x200045e6                EnableCursorDisplay
                0x200045e8                Count_FPS
                0x200045ea                PerstFrameNumber
                0x200045eb                FrameCount
                0x200045ec                Rdiscard
                0x200045ed                SpecMode
                0x200045ee                SpecLine
                0x200045ef                UpdateScale
                0x200045f0                SpiAdj
                0x200045f1                DataAdj
                0x200045f4                BaudRate
                0x200045f8                DisableCursorDisplay
                0x200045f9                DbScaleStr
 .bss           0x200045fc     0x17bc Files.o
                0x200045fc                SectorSize
                0x200045fe                flash_mode
                0x200045ff                SelectedFileName
                0x20004608                SecBuff
                0x20005608                FileBuff
                0x20005c48                ArbtSampleNumber
                0x20005c4a                Label
                0x20005d0e                DirRange
                0x20005d10                UartFileSize
                0x20005d14                TempPar
                0x20005da8                CSVposition
                0x20005daa                ConfigFileName
                0x20005db3                Versions
                0x20005db4                SaveShortBuffXpos
                0x20005db5                Edited
                0x20005db6                BufferRestore
 .bss           0x20005db8      0x302 Function.o
                0x20005db8                Sinewave
                0x200060b8                SetLowVolume
 *fill*         0x200060ba        0x2 
 .bss           0x200060bc      0x110 Interrupt.o
                0x200060bc                LimitTransfer
                0x200060c0                Cnt_mS
                0x200060c2                SweepResetFlag
                0x200060c3                ClearStatus
                0x200060c4                BurstLimit
                0x200060c6                ToneBurstCounter
                0x200060c8                SpecFrameCount
                0x200060cc                Wait_Cnt
                0x200060d0                Delay_Cnt
                0x200060d2                Beep_mS
                0x200060d4                Cnt_20mS
                0x200060d6                Sec_Cnt
                0x200060d8                PD_Cnt
                0x200060da                Cursor_Cnt
                0x200060dc                NotificationTimer
                0x200060de                Twink
                0x200060df                Blink
                0x200060e0                SecondsTick
                0x200060e2                DelayLoopBreak
                0x200060e4                PersHoldTimer
                0x200060e6                ConfNameTimer
                0x200060e8                CursorDisplayTimer
                0x200060ea                AutoSetTimer
                0x200060ec                Key_Mid_Speed
                0x200060ed                Key_Wait_Cnt
                0x200060ee                Key_Repeat_Cnt
                0x200060ef                Key_Buffer
                0x200060f0                LoBeepLevel
                0x200060fa                FilterOut
                0x200060fc                NoiseIP
                0x200061c6                Key_Status_Last
                0x200061c8                Light
 .bss           0x200061cc       0x40 Main.o
                0x200061cc                FlagMeter
                0x200061cd                BTwinkState
                0x200061ce                LastSelected
                0x200061d0                PreviousTrigSelect
                0x200061d8                SelectiveUpdate
                0x200061d9                MessageNumber
                0x200061da                ChStatus
                0x200061de                NVIC_InitStructure
                0x200061e2                XposRef
                0x200061e4                OldTrack1X
                0x200061e6                OldTrack2X
                0x200061e8                OldMeter
                0x200061ea                _Vt1Old
                0x200061ec                _Vt2Old
                0x200061ee                TrgAutoOld
                0x200061ef                TrgAuto
                0x200061f0                FlagFrameMode
                0x200061f1                ShortBuffXpos
                0x200061f2                ShowFFT
                0x200061f3                SaveCurrent
                0x200061f5                XposFlag
                0x200061f6                OldFrame
                0x200061f7                ABTrigStatus
                0x200061f8                UpdateFlag
                0x200061f9                UpdateCount
                0x200061fa                ClearDir
                0x200061fb                RefreshDisplay
                0x200061fc                OldCurrent
                0x200061fd                OSStatus
                0x20006200                Tmp
                0x20006204                OldPosY
                0x20006206                OldPosX
                0x20006208                OldDet
 .bss           0x2000620c      0x27c Menu.o
                0x2000620c                Current
                0x2000620d                Vertical
                0x200062a3                BaseStr
                0x200063cf                Cnt_InCharge
                0x200063d0                Cnt_Charged
                0x200063d1                Cnt_Batt
                0x200063d2                FlagInCharge
                0x200063d3                NumStr
                0x200063df                BTwink
                0x200063e0                ShiftDigits
                0x200063e1                Detail
                0x200063ef                DownConvertMode
                0x200063f0                AutoFFT
                0x200063f1                Sweep
                0x200063f2                GenTrigColorFlag
                0x200063f4                GenFreqShift
                0x200063f5                PWAdjustMode
                0x200063f6                GenAdjustMode
                0x200063f8                CurrentARR
                0x200063fa                Det
                0x200063fb                AutoSetFlag
                0x200063fc                OS_RateSelect
                0x200063fd                OS_Range
                0x200063fe                AutoTrigSelect
                0x200063ff                AutoSaveSelect
                0x20006400                AutoSaveBuf
                0x20006401                AdjBeepLevel
                0x20006402                FastDimAdjust
                0x20006403                FastDim
                0x20006404                HboldAdjust
                0x20006405                GenBaudAdjSpeed
                0x20006406                GenUartStopBits
                0x20006407                GenUartCont
                0x20006408                GenUartAdj
                0x20006409                T1Start
                0x2000640a                CharIndex
                0x2000640b                DETflag
                0x2000640c                Result_FPS
                0x2000640e                Ga_Max
                0x20006410                Ga_Min
                0x20006412                Gb_Max
                0x20006414                Gb_Min
                0x20006416                NSamples
                0x20006418                GHa_Max
                0x2000641a                GHb_Max
                0x2000641c                GHa_Min
                0x2000641e                GHb_Min
                0x20006420                LastFreqReadout
                0x20006424                N_UNIT
                0x20006430                Neg
                0x20006431                MinBypass
                0x20006432                CursorDisplayStrM
                0x2000643e                CursorDisplayStr
                0x2000644a                CursorDisplayStrH
                0x20006456                TNumStr
                0x20006462                VNumStr
                0x2000646e                ListOverride
                0x2000646f                ConfigFileNumber
                0x20006470                OldCurDefTime
                0x20006472                OldPosi
                0x20006474                MeterStatus
                0x20006475                AutoSequence
                0x20006484                OldMode
                0x20006485                EnableMeterCalc
                0x20006486                PrevShift
 .bss           0x20006488     0x6988 Process.o
                0x20006488                ClearMeterAreaFlag
                0x2000648a                ATT_DATA
                0x20006a2a                ARBT_ARR
                0x20006a2c                Ka1
                0x20006a36                Ka2
                0x20006a4a                Kb1
                0x20006a54                Kb2
                0x20006a68                TrackBuff
                0x2000709c                OsBufferLogicFlag
                0x2000709d                OsChartFlag
                0x2000709e                c_Max
                0x200070a0                Posi_412
                0x200070a2                Posi_41_2
                0x200070a4                d_Max
                0x200070a6                Posi_4F1
                0x200070a8                Posi_4F2
                0x200070aa                Posi_4F3
                0x200070ac                Posi_4F4
                0x200070ae                FrameMode
                0x200070b0                Xtend
                0x200070b2                B_Posi
                0x200070b4                OSAvg
                0x200070b6                A_Posi
                0x200070b8                DataBuf
                0x2000b0b8                ReverseBitMask
                0x2000b0bc                BitMask
                0x2000b0c0                FPGAsubVer
                0x2000b0c1                FPGAosFlag
                0x2000b0c2                OsTransferCompleteFlag
                0x2000b0cc                Waste
                0x2000b0d0                RMSdata
                0x2000b648                OsFFTData
                0x2000bbc0                ChartMode
                0x2000bbc4                SubIndex
                0x2000bbc5                Ka3
                0x2000bbcf                Kb3
                0x2000bbda                LoBatLevel
                0x2000bbde                VDiff
                0x2000bbe2                HiBatLevel
                0x2000bbe6                LKa1
                0x2000bbf0                HKa1
                0x2000bbfa                LKa2
                0x2000bc0e                HKa2
                0x2000bc22                LKa3
                0x2000bc2c                HKa3
                0x2000bc36                LKb1
                0x2000bc40                HKb1
                0x2000bc4a                LKb2
                0x2000bc5e                HKb2
                0x2000bc72                LKb3
                0x2000bc7c                HKb3
                0x2000bc86                InvertA
                0x2000bc87                InvertB
                0x2000bc88                LastA_Mid
                0x2000bc89                LastB_Mid
                0x2000bc8a                FirstA_Mid
                0x2000bc8b                FirstB_Mid
                0x2000bc8c                TaS
                0x2000bc8e                TbS
                0x2000bc90                VNAvg
                0x2000bc94                UTmp
                0x2000bc98                Sum
                0x2000bca8                NAvg
                0x2000bcb0                JumpCnt
                0x2000bcb4                a_Avg
                0x2000bcb8                VxAvg
                0x2000bcc0                a_Ssq
                0x2000bcc4                VxSsq
                0x2000bccc                PxS
                0x2000bcdc                PaS
                0x2000bce0                TxS
                0x2000bcf0                TxN
                0x2000bd00                TaN
                0x2000bd04                b_Avg
                0x2000bd08                b_Ssq
                0x2000bd0c                PbS
                0x2000bd0e                TbN
                0x2000bd10                PcS
                0x2000bd12                TcS
                0x2000bd14                TcN
                0x2000bd16                PdS
                0x2000bd18                TdS
                0x2000bd1a                TdN
                0x2000bd1c                HoldResetFlag
                0x2000bd1d                Options
                0x2000bd1e                ClearLeadingEdge
                0x2000bd20                fi
                0x2000c520                WindowPosition
                0x2000c522                FPGAver
                0x2000c524                X_Attr
                0x2000c528                FPGA_OS_Size
                0x2000c52a                AutoTrigIni
                0x2000c52b                TriggerType
                0x2000c52c                ToggleName
                0x2000c52d                StartUart
                0x2000c52e                InitiateUartGen
                0x2000c52f                ResetFlag
                0x2000c530                InitiateNoise
                0x2000c531                SerialStatus
                0x2000c532                DisableCursorTimer
                0x2000c533                DownConvertInitiate
                0x2000c534                DCbase
                0x2000c535                DCmode
                0x2000c536                DCframe
                0x2000c537                DCmeter
                0x2000c538                DCt1
                0x2000c53c                FreqIN
                0x2000c540                FFTt1Mode
                0x2000c541                DownConvertShiftEnable
                0x2000c544                NFreq
                0x2000c548                FreqScaleShift
                0x2000c54a                DownConvert
                0x2000c570                LfreqPeriod
                0x2000c574                BaseFreqStr
                0x2000c580                PeakFreqStr
                0x2000c58c                NFreqStr
                0x2000c598                FreqT1Str
                0x2000c5a4                FreqDivStr
                0x2000c5b0                imax
                0x2000c5b4                PrecisionLevel
                0x2000c5b6                Posi_41
                0x2000c5b8                Posi_42
                0x2000c5ba                Posi_4_2
                0x2000c5bc                a_Max
                0x2000c5be                a_Min
                0x2000c5c0                b_Max
                0x2000c5c2                b_Min
                0x2000c5c4                aT_Max
                0x2000c5c6                bT_Max
                0x2000c5c8                aT_Min
                0x2000c5ca                bT_Min
                0x2000c5cc                CurDefTime
                0x2000c5cd                exitflag
                0x2000c5ce                freerun
                0x2000c5cf                EnableFFT
                0x2000c5d0                fr
                0x2000cdd0                FFTGain
                0x2000cdd2                a_Mid_H
                0x2000cdd4                QStart
                0x2000cdd8                a_Mid_L
                0x2000cdda                b_Mid_H
                0x2000cddc                b_Mid_L
                0x2000cdde                CalFlag
                0x2000cde0                QEnd
                0x2000cde4                ClearHoldFlag
                0x2000cde5                SlowModeSkip
                0x2000cde6                SumResetFlag
                0x2000cde7                WaitForTrigFlag
                0x2000cde8                OldShift
                0x2000cde9                discard
                0x2000cdea                ResetEnableFFT
                0x2000cdeb                FrameEndFlag
                0x2000cded                HoldOnNext
                0x2000cdee                BailoutFlag
                0x2000cdef                entryflag
                0x2000cdf0                ErrorFlag
                0x2000cdf2                CountUnread
                0x2000cdf4                AltHoldoff
                0x2000cdf6                PrevBatLevel
                0x2000cdf8                T_Attr
                0x2000cdfc                G_Attr
                0x2000ce00                Y_Attr
                0x2000ce04                HardwareVersion
                0x2000ce08                FFTScale
                0x2000ce0c                OffsetSelect
                0x2000ce0d                FFTflag
                0x2000ce0e                PeakFreq
 .bss           0x2000ce10        0x0 startup.o
 .bss           0x2000ce10        0x0 stm32f10x_nvic.o
 .bss           0x2000ce10        0x0 cortexm3_macro.o
 .bss           0x2000ce10        0x0 c:/program files/arm-2014.05-28-arm-none-eabi-i686-mingw32/arm-2014.05/bin/../lib/gcc/arm-none-eabi/4.8.3/../../../../arm-none-eabi/lib/thumb2\libc.a(lib_a-memcmp.o)
 .bss           0x2000ce10        0x0 c:/program files/arm-2014.05-28-arm-none-eabi-i686-mingw32/arm-2014.05/bin/../lib/gcc/arm-none-eabi/4.8.3/../../../../arm-none-eabi/lib/thumb2\libc.a(lib_a-memcpy-stub.o)
 .bss           0x2000ce10        0x0 c:/program files/arm-2014.05-28-arm-none-eabi-i686-mingw32/arm-2014.05/bin/../lib/gcc/arm-none-eabi/4.8.3/../../../../arm-none-eabi/lib/thumb2\libc.a(lib_a-memset.o)
 .bss           0x2000ce10        0x0 c:/program files/arm-2014.05-28-arm-none-eabi-i686-mingw32/arm-2014.05/bin/../lib/gcc/arm-none-eabi/4.8.3/../../../../arm-none-eabi/lib/thumb2\libc.a(lib_a-strcpy.o)
                0x2000ce10                . = ALIGN (0x4)
                0x2000ce10                _ebss = .
OUTPUT(app1.elf elf32-littlearm)

.comment        0x00000000       0x46
 .comment       0x00000000       0x46 Calibrat.o
                                 0x47 (size before relaxing)
 .comment       0x00000000       0x47 Draw.o
 .comment       0x00000000       0x47 Files.o
 .comment       0x00000000       0x47 Function.o
 .comment       0x00000000       0x47 Interrupt.o
 .comment       0x00000000       0x47 Main.o
 .comment       0x00000000       0x47 Menu.o
 .comment       0x00000000       0x47 Process.o
 .comment       0x00000000       0x47 startup.o
 .comment       0x00000000       0x47 stm32f10x_nvic.o

.ARM.attributes
                0x00000000       0x33
 .ARM.attributes
                0x00000000       0x33 Calibrat.o
 .ARM.attributes
                0x00000033       0x33 Draw.o
 .ARM.attributes
                0x00000066       0x33 Files.o
 .ARM.attributes
                0x00000099       0x33 Function.o
 .ARM.attributes
                0x000000cc       0x33 Interrupt.o
 .ARM.attributes
                0x000000ff       0x33 Main.o
 .ARM.attributes
                0x00000132       0x33 Menu.o
 .ARM.attributes
                0x00000165       0x33 Process.o
 .ARM.attributes
                0x00000198       0x33 startup.o
 .ARM.attributes
                0x000001cb       0x33 stm32f10x_nvic.o
 .ARM.attributes
                0x000001fe       0x21 cortexm3_macro.o
 .ARM.attributes
                0x0000021f       0x29 c:/program files/arm-2014.05-28-arm-none-eabi-i686-mingw32/arm-2014.05/bin/../lib/gcc/arm-none-eabi/4.8.3/../../../../arm-none-eabi/lib/thumb2\libc.a(lib_a-memcmp.o)
 .ARM.attributes
                0x00000248       0x29 c:/program files/arm-2014.05-28-arm-none-eabi-i686-mingw32/arm-2014.05/bin/../lib/gcc/arm-none-eabi/4.8.3/../../../../arm-none-eabi/lib/thumb2\libc.a(lib_a-memcpy-stub.o)
 .ARM.attributes
                0x00000271       0x29 c:/program files/arm-2014.05-28-arm-none-eabi-i686-mingw32/arm-2014.05/bin/../lib/gcc/arm-none-eabi/4.8.3/../../../../arm-none-eabi/lib/thumb2\libc.a(lib_a-memset.o)
 .ARM.attributes
                0x0000029a       0x29 c:/program files/arm-2014.05-28-arm-none-eabi-i686-mingw32/arm-2014.05/bin/../lib/gcc/arm-none-eabi/4.8.3/../../../../arm-none-eabi/lib/thumb2\libc.a(lib_a-strcpy.o)

.debug_frame    0x00000000       0xa4
 .debug_frame   0x00000000       0x2c c:/program files/arm-2014.05-28-arm-none-eabi-i686-mingw32/arm-2014.05/bin/../lib/gcc/arm-none-eabi/4.8.3/../../../../arm-none-eabi/lib/thumb2\libc.a(lib_a-memcmp.o)
 .debug_frame   0x0000002c       0x2c c:/program files/arm-2014.05-28-arm-none-eabi-i686-mingw32/arm-2014.05/bin/../lib/gcc/arm-none-eabi/4.8.3/../../../../arm-none-eabi/lib/thumb2\libc.a(lib_a-memcpy-stub.o)
 .debug_frame   0x00000058       0x2c c:/program files/arm-2014.05-28-arm-none-eabi-i686-mingw32/arm-2014.05/bin/../lib/gcc/arm-none-eabi/4.8.3/../../../../arm-none-eabi/lib/thumb2\libc.a(lib_a-memset.o)
 .debug_frame   0x00000084       0x20 c:/program files/arm-2014.05-28-arm-none-eabi-i686-mingw32/arm-2014.05/bin/../lib/gcc/arm-none-eabi/4.8.3/../../../../arm-none-eabi/lib/thumb2\libc.a(lib_a-strcpy.o)
